client/src/components/FloatingChatbot.tsx(73,27): error TS2339: Property 'category' does not exist on type '{ id: string; role: "hr" | "manager" | "team_lead" | "accounts" | "admin" | "tech-support" | "session-coordinator"; email: string | null; firstName: string | null; lastName: string | null; ... 8 more ...; updatedAt: Date | null; }'.
client/src/components/LeadTable.tsx(287,65): error TS7006: Parameter 't' implicitly has an 'any' type.
client/src/components/LeadTable.tsx(289,30): error TS7006: Parameter 'txn' implicitly has an 'any' type.
client/src/components/LeadTable.tsx(289,35): error TS7006: Parameter 'idx' implicitly has an 'any' type.
client/src/components/NotificationBell.tsx(19,23): error TS18046: 'notifications' is of type 'unknown'.
client/src/components/NotificationBell.tsx(50,10): error TS18046: 'notifications' is of type 'unknown'.
client/src/components/NotificationBell.tsx(56,14): error TS18046: 'notifications' is of type 'unknown'.
client/src/components/StatusChart.tsx(87,19): error TS2322: Type '"600"' is not assignable to type 'number | "bold" | "normal" | "lighter" | "bolder" | ((ctx: ScriptableChartContext, options: AnyObject) => number | "bold" | "normal" | "lighter" | "bolder" | null | undefined) | null | undefined'.
client/src/components/TrendChart.tsx(116,17): error TS2353: Object literal may only specify known properties, and 'drawBorder' does not exist in type '_DeepPartialObject<Partial<GridLineOptions>>'.
client/src/components/TrendChart.tsx(129,17): error TS2353: Object literal may only specify known properties, and 'drawBorder' does not exist in type '_DeepPartialObject<Partial<GridLineOptions>>'.
client/src/pages/hr-workspace.tsx(91,27): error TS2339: Property 'leads' does not exist on type '{}'.
client/src/pages/hr-workspace.tsx(91,42): error TS2339: Property 'leads' does not exist on type '{}'.
client/src/pages/hr-workspace.tsx(97,26): error TS2339: Property 'leads' does not exist on type '{}'.
client/src/pages/productivity.tsx(620,40): error TS2339: Property 'urlDetails' does not exist on type 'IdleWarning'.
client/src/pages/productivity.tsx(621,93): error TS2339: Property 'urlDetails' does not exist on type 'IdleWarning'.
client/src/pages/productivity.tsx(625,70): error TS2339: Property 'urlDetails' does not exist on type 'IdleWarning'.
client/src/pages/productivity.tsx(805,62): error TS2322: Type 'unknown' is not assignable to type 'ReactNode'.
client/src/pages/users.tsx(107,32): error TS2339: Property 'filter' does not exist on type '{}'.
server/replitAuth.ts(203,9): error TS2769: No overload matches this call.
  Overload 1 of 2, '(options: StrategyOptions, verify: VerifyFunction): Strategy', gave the following error.
    Type '{}' is missing the following properties from type 'Configuration': serverMetadata, clientMetadata, timeout, [customFetch]
  Overload 2 of 2, '(options: StrategyOptionsWithRequest, verify: VerifyFunctionWithRequest): Strategy', gave the following error.
    Type '{}' is missing the following properties from type 'Configuration': serverMetadata, clientMetadata, timeout, [customFetch]
server/replitAuth.ts(232,35): error TS2345: Argument of type '{}' is not assignable to parameter of type 'Configuration'.
  Type '{}' is missing the following properties from type 'Configuration': serverMetadata, clientMetadata, timeout, [customFetch]
server/replitAuth.ts(294,58): error TS2345: Argument of type '{}' is not assignable to parameter of type 'Configuration'.
  Type '{}' is missing the following properties from type 'Configuration': serverMetadata, clientMetadata, timeout, [customFetch]
